rest: 3mm visible-loss 0.3% -> 1.5mm on 1.1% | finish 3+rest 340 min vs 1.5 everywhere 666 (saves 326)
Leaping largemouth bass                  300mm  depth 18.3  lost p99/area  6:1.75mm/11%  3:0.24mm/6.8%  1.5:0.13mm/4.1%  | finish min 6:167 3:333 1.5:666  rough 95
rest: 3mm visible-loss 0.4% -> 1.5mm on 1.8% | finish 3+rest 776 min vs 1.5 everywhere 1499 (saves 722)
Leaping largemouth bass                  450mm  depth 27.5  lost p99/area  6:0.52mm/12.9%  3:0.24mm/8.6%  1.5:0.13mm/4%  | finish min 6:375 3:750 1.5:1499  rough 320
rest: 3mm visible-loss 2.1% -> 1.5mm on 6.4% | finish 3+rest 376 min vs 1.5 everywhere 667 (saves 291)
Feathered fishing lure                   300mm  depth 18.3  lost p99/area  6:1.26mm/15.9%  3:0.4mm/11%  1.5:0.17mm/5.5%  | finish min 6:167 3:333 1.5:667  rough 92
rest: 3mm visible-loss 1.9% -> 1.5mm on 6.1% | finish 3+rest 841 min vs 1.5 everywhere 1500 (saves 659)
Feathered fishing lure                   450mm  depth 27.4  lost p99/area  6:0.88mm/16%  3:0.33mm/10%  1.5:0.17mm/4.4%  | finish min 6:375 3:750 1.5:1500  rough 311
rest: 3mm visible-loss 1.6% -> 1.5mm on 5.3% | finish 3+rest 332 min vs 1.5 everywhere 599 (saves 268)
Coiled dragon medallion                  300mm  depth 18.4  lost p99/area  6:4.31mm/25.1%  3:2.1mm/15.5%  1.5:0.2mm/7.4%  | finish min 6:150 3:300 1.5:599  rough 73
rest: 3mm visible-loss 1.9% -> 1.5mm on 6.2% | finish 3+rest 758 min vs 1.5 everywhere 1349 (saves 591)
Coiled dragon medallion                  450mm  depth 27.5  lost p99/area  6:3.61mm/24.7%  3:0.44mm/14.2%  1.5:0.21mm/6.3%  | finish min 6:337 3:674 1.5:1349  rough 246
rest: 3mm visible-loss 0.6% -> 1.5mm on 1.9% | finish 3+rest 263 min vs 1.5 everywhere 506 (saves 243)
Mallard duck arch                        300mm  depth 18.3  lost p99/area  6:0.72mm/13.5%  3:0.23mm/9%  1.5:0.13mm/5.8%  | finish min 6:127 3:253 1.5:506  rough 72
rest: 3mm visible-loss 0.5% -> 1.5mm on 1.4% | finish 3+rest 586 min vs 1.5 everywhere 1139 (saves 553)
Mallard duck arch                        450mm  depth 27.5  lost p99/area  6:0.52mm/15%  3:0.24mm/10.6%  1.5:0.15mm/5.3%  | finish min 6:285 3:569 1.5:1139  rough 242
rest: 3mm visible-loss 2.6% -> 1.5mm on 8.3% | finish 3+rest 329 min vs 1.5 everywhere 564 (saves 235)
Rustic cross wreath                      300mm  depth 18.3  lost p99/area  6:4.35mm/23.4%  3:0.89mm/15.5%  1.5:0.21mm/6.6%  | finish min 6:141 3:282 1.5:564  rough 77
rest: 3mm visible-loss 1.8% -> 1.5mm on 5.4% | finish 3+rest 702 min vs 1.5 everywhere 1268 (saves 566)
Rustic cross wreath                      450mm  depth 27.5  lost p99/area  6:1.64mm/23.2%  3:0.48mm/13.2%  1.5:0.18mm/5.2%  | finish min 6:317 3:634 1.5:1268  rough 260
